Traceback (most recent call last):
  File "/Users/sebastianconcha/Library/Python/3.9/lib/python/site-packages/starlette/testclient.py", line 30, in <module>
    import httpx
ModuleNotFoundError: No module named 'httpx'

During handling of the above exception, another exception occurred:

Traceback (most recent call last):
  File "/Users/sebastianconcha/Developer/goveling/goveling ML/test_free_days_fix.py", line 15, in <module>
    from fastapi.testclient import TestClient
  File "/Users/sebastianconcha/Library/Python/3.9/lib/python/site-packages/fastapi/testclient.py", line 1, in <module>
    from starlette.testclient import TestClient as TestClient  # noqa
  File "/Users/sebastianconcha/Library/Python/3.9/lib/python/site-packages/starlette/testclient.py", line 32, in <module>
    raise RuntimeError(
RuntimeError: The starlette.testclient module requires the httpx package to be installed.
You can install this with:
    $ pip install httpx

